// Jest Snapshot v1, https://goo.gl/fbAQLP

exports[`should generate a snapshot for app component 1`] = `
<DocumentFragment>
  <div
    class="App"
  >
    hello world
  </div>
</DocumentFragment>
`;
